------------------------------------------------------------
Timing Analyzer Summary
------------------------------------------------------------

Type  : Slow 1100mV 85C Model Setup 'Clyde:clyde|playerDirection.00_1216'
Slack : -28.714
TNS   : -528.991

Type  : Slow 1100mV 85C Model Setup 'FrequencyDivider:char_clk_divider|div_clock'
Slack : -28.209
TNS   : -21248.528

Type  : Slow 1100mV 85C Model Setup 'clk_50MHz'
Slack : -4.999
TNS   : -64.250

Type  : Slow 1100mV 85C Model Setup 'FrequencyDivider_25MHz:clk_divider|div_clock'
Slack : -3.662
TNS   : -345.233

Type  : Slow 1100mV 85C Model Hold 'FrequencyDivider_25MHz:clk_divider|div_clock'
Slack : 0.330
TNS   : 0.000

Type  : Slow 1100mV 85C Model Hold 'FrequencyDivider:char_clk_divider|div_clock'
Slack : 0.351
TNS   : 0.000

Type  : Slow 1100mV 85C Model Hold 'clk_50MHz'
Slack : 0.443
TNS   : 0.000

Type  : Slow 1100mV 85C Model Hold 'Clyde:clyde|playerDirection.00_1216'
Slack : 0.998
TNS   : 0.000

Type  : Slow 1100mV 85C Model Minimum Pulse Width 'FrequencyDivider:char_clk_divider|div_clock'
Slack : -0.756
TNS   : -811.101

Type  : Slow 1100mV 85C Model Minimum Pulse Width 'FrequencyDivider_25MHz:clk_divider|div_clock'
Slack : -0.538
TNS   : -101.971

Type  : Slow 1100mV 85C Model Minimum Pulse Width 'clk_50MHz'
Slack : -0.538
TNS   : -19.536

Type  : Slow 1100mV 85C Model Minimum Pulse Width 'Clyde:clyde|playerDirection.00_1216'
Slack : -0.499
TNS   : -17.991

Type  : Slow 1100mV 0C Model Setup 'Clyde:clyde|playerDirection.00_1216'
Slack : -29.820
TNS   : -550.481

Type  : Slow 1100mV 0C Model Setup 'FrequencyDivider:char_clk_divider|div_clock'
Slack : -29.090
TNS   : -22018.631

Type  : Slow 1100mV 0C Model Setup 'clk_50MHz'
Slack : -5.227
TNS   : -64.935

Type  : Slow 1100mV 0C Model Setup 'FrequencyDivider_25MHz:clk_divider|div_clock'
Slack : -3.501
TNS   : -337.635

Type  : Slow 1100mV 0C Model Hold 'FrequencyDivider_25MHz:clk_divider|div_clock'
Slack : 0.347
TNS   : 0.000

Type  : Slow 1100mV 0C Model Hold 'FrequencyDivider:char_clk_divider|div_clock'
Slack : 0.351
TNS   : 0.000

Type  : Slow 1100mV 0C Model Hold 'clk_50MHz'
Slack : 0.450
TNS   : 0.000

Type  : Slow 1100mV 0C Model Hold 'Clyde:clyde|playerDirection.00_1216'
Slack : 0.832
TNS   : 0.000

Type  : Slow 1100mV 0C Model Minimum Pulse Width 'FrequencyDivider:char_clk_divider|div_clock'
Slack : -0.748
TNS   : -796.503

Type  : Slow 1100mV 0C Model Minimum Pulse Width 'Clyde:clyde|playerDirection.00_1216'
Slack : -0.564
TNS   : -19.499

Type  : Slow 1100mV 0C Model Minimum Pulse Width 'FrequencyDivider_25MHz:clk_divider|div_clock'
Slack : -0.538
TNS   : -100.762

Type  : Slow 1100mV 0C Model Minimum Pulse Width 'clk_50MHz'
Slack : -0.538
TNS   : -20.239

Type  : Fast 1100mV 85C Model Setup 'FrequencyDivider:char_clk_divider|div_clock'
Slack : -13.762
TNS   : -10223.256

Type  : Fast 1100mV 85C Model Setup 'Clyde:clyde|playerDirection.00_1216'
Slack : -13.430
TNS   : -246.695

Type  : Fast 1100mV 85C Model Setup 'clk_50MHz'
Slack : -2.591
TNS   : -21.599

Type  : Fast 1100mV 85C Model Setup 'FrequencyDivider_25MHz:clk_divider|div_clock'
Slack : -1.571
TNS   : -131.406

Type  : Fast 1100mV 85C Model Hold 'FrequencyDivider:char_clk_divider|div_clock'
Slack : 0.096
TNS   : 0.000

Type  : Fast 1100mV 85C Model Hold 'FrequencyDivider_25MHz:clk_divider|div_clock'
Slack : 0.097
TNS   : 0.000

Type  : Fast 1100mV 85C Model Hold 'clk_50MHz'
Slack : 0.199
TNS   : 0.000

Type  : Fast 1100mV 85C Model Hold 'Clyde:clyde|playerDirection.00_1216'
Slack : 0.432
TNS   : 0.000

Type  : Fast 1100mV 85C Model Minimum Pulse Width 'clk_50MHz'
Slack : -0.389
TNS   : -2.972

Type  : Fast 1100mV 85C Model Minimum Pulse Width 'FrequencyDivider:char_clk_divider|div_clock'
Slack : -0.306
TNS   : -89.684

Type  : Fast 1100mV 85C Model Minimum Pulse Width 'FrequencyDivider_25MHz:clk_divider|div_clock'
Slack : -0.100
TNS   : -0.521

Type  : Fast 1100mV 85C Model Minimum Pulse Width 'Clyde:clyde|playerDirection.00_1216'
Slack : -0.003
TNS   : -0.003

Type  : Fast 1100mV 0C Model Setup 'FrequencyDivider:char_clk_divider|div_clock'
Slack : -12.754
TNS   : -9486.059

Type  : Fast 1100mV 0C Model Setup 'Clyde:clyde|playerDirection.00_1216'
Slack : -12.580
TNS   : -230.564

Type  : Fast 1100mV 0C Model Setup 'clk_50MHz'
Slack : -2.393
TNS   : -18.760

Type  : Fast 1100mV 0C Model Setup 'FrequencyDivider_25MHz:clk_divider|div_clock'
Slack : -1.356
TNS   : -114.033

Type  : Fast 1100mV 0C Model Hold 'FrequencyDivider:char_clk_divider|div_clock'
Slack : 0.079
TNS   : 0.000

Type  : Fast 1100mV 0C Model Hold 'FrequencyDivider_25MHz:clk_divider|div_clock'
Slack : 0.084
TNS   : 0.000

Type  : Fast 1100mV 0C Model Hold 'clk_50MHz'
Slack : 0.188
TNS   : 0.000

Type  : Fast 1100mV 0C Model Hold 'Clyde:clyde|playerDirection.00_1216'
Slack : 0.403
TNS   : 0.000

Type  : Fast 1100mV 0C Model Minimum Pulse Width 'clk_50MHz'
Slack : -0.396
TNS   : -3.012

Type  : Fast 1100mV 0C Model Minimum Pulse Width 'FrequencyDivider:char_clk_divider|div_clock'
Slack : -0.210
TNS   : -48.063

Type  : Fast 1100mV 0C Model Minimum Pulse Width 'FrequencyDivider_25MHz:clk_divider|div_clock'
Slack : -0.030
TNS   : -0.095

Type  : Fast 1100mV 0C Model Minimum Pulse Width 'Clyde:clyde|playerDirection.00_1216'
Slack : 0.041
TNS   : 0.000

------------------------------------------------------------
